{
  "Get-AzDataShare+[NoContext]+List+$GET+https://management.azure.com/subscriptions/0f3dcfc3-18f8-4099-b381-8353e19d43a7/resourceGroups/ads-pwsh-rgym0bos/providers/Microsoft.DataShare/accounts/ads-pwsh-accountym0bos/shares?api-version=2021-08-01+1": {
    "Request": {
      "Method": "GET",
      "RequestUri": "https://management.azure.com/subscriptions/0f3dcfc3-18f8-4099-b381-8353e19d43a7/resourceGroups/ads-pwsh-rgym0bos/providers/Microsoft.DataShare/accounts/ads-pwsh-accountym0bos/shares?api-version=2021-08-01",
      "Content": null,
      "isContentBase64": false,
      "Headers": {
        "x-ms-unique-id": [ "12" ],
        "x-ms-client-request-id": [ "9cb583cb-479a-405b-a5cb-55ef7d8d7f0a" ],
        "CommandName": [ "Get-AzDataShare" ],
        "FullCommandName": [ "Get-AzDataShare_List" ],
        "ParameterSetName": [ "__AllParameterSets" ],
        "User-Agent": [ "AzurePowershell/Az4.0.0-preview" ],
        "Authorization": [ "[Filtered]" ]
      },
      "ContentHeaders": {
      }
    },
    "Response": {
      "StatusCode": 200,
      "Headers": {
        "Cache-Control": [ "no-cache" ],
        "Pragma": [ "no-cache" ],
        "x-ms-ratelimit-remaining-subscription-reads": [ "11994" ],
        "Server": [ "Kestrel" ],
        "x-ms-request-id": [ "4f1509ff-ee0a-4284-847c-27f8648bdbf9" ],
        "x-ms-correlation-request-id": [ "4f1509ff-ee0a-4284-847c-27f8648bdbf9" ],
        "x-ms-routing-request-id": [ "WESTUS2:20220202T003708Z:4f1509ff-ee0a-4284-847c-27f8648bdbf9" ],
        "Strict-Transport-Security": [ "max-age=31536000; includeSubDomains" ],
        "X-Content-Type-Options": [ "nosniff" ],
        "Date": [ "Wed, 02 Feb 2022 00:37:08 GMT" ]
      },
      "ContentHeaders": {
        "Content-Length": [ "742" ],
        "Content-Type": [ "application/json; charset=utf-8" ],
        "Expires": [ "-1" ]
      },
      "Content": "{\"value\":[{\"properties\":{\"description\":\"Test share\",\"terms\":\"Test terms\",\"shareKind\":\"InPlace\",\"provisioningState\":\"Succeeded\",\"createdAt\":\"2022-02-02T00:37:01.2490985Z\",\"userName\":\"Harsh Srivastava\",\"userEmail\":\"hsrivastava@microsoft.com\"},\"id\":\"/subscriptions/0f3dcfc3-18f8-4099-b381-8353e19d43a7/resourceGroups/ads-pwsh-rgym0bos/providers/Microsoft.DataShare/accounts/ads-pwsh-accountym0bos/shares/ads-pwsh-share3e1foy\",\"name\":\"ads-pwsh-share3e1foy\",\"type\":\"Microsoft.DataShare/accounts/shares\",\"systemData\":{\"createdBy\":\"hsrivastava@microsoft.com\",\"createdByType\":\"User\",\"createdAt\":\"2022-02-02T00:37:01.1956906Z\",\"lastModifiedBy\":\"hsrivastava@microsoft.com\",\"lastModifiedByType\":\"User\",\"lastModifiedAt\":\"2022-02-02T00:37:01.1956906Z\"}}]}",
      "isContentBase64": false
    }
  },
  "Get-AzDataShare+[NoContext]+Get+$GET+https://management.azure.com/subscriptions/0f3dcfc3-18f8-4099-b381-8353e19d43a7/resourceGroups/ads-pwsh-rgym0bos/providers/Microsoft.DataShare/accounts/ads-pwsh-accountym0bos/shares/ads-pwsh-share3e1foy?api-version=2021-08-01+1": {
    "Request": {
      "Method": "GET",
      "RequestUri": "https://management.azure.com/subscriptions/0f3dcfc3-18f8-4099-b381-8353e19d43a7/resourceGroups/ads-pwsh-rgym0bos/providers/Microsoft.DataShare/accounts/ads-pwsh-accountym0bos/shares/ads-pwsh-share3e1foy?api-version=2021-08-01",
      "Content": null,
      "isContentBase64": false,
      "Headers": {
        "x-ms-unique-id": [ "13" ],
        "x-ms-client-request-id": [ "679ac615-6557-453b-8207-efa2bb355ef1" ],
        "CommandName": [ "Get-AzDataShare" ],
        "FullCommandName": [ "Get-AzDataShare_Get" ],
        "ParameterSetName": [ "__AllParameterSets" ],
        "User-Agent": [ "AzurePowershell/Az4.0.0-preview" ],
        "Authorization": [ "[Filtered]" ]
      },
      "ContentHeaders": {
      }
    },
    "Response": {
      "StatusCode": 200,
      "Headers": {
        "Cache-Control": [ "no-cache" ],
        "Pragma": [ "no-cache" ],
        "x-ms-ratelimit-remaining-subscription-reads": [ "11993" ],
        "Server": [ "Kestrel" ],
        "x-ms-request-id": [ "f7146bf2-ce2a-4430-b5e6-652ab7f6b987" ],
        "x-ms-correlation-request-id": [ "f7146bf2-ce2a-4430-b5e6-652ab7f6b987" ],
        "x-ms-routing-request-id": [ "WESTUS2:20220202T003709Z:f7146bf2-ce2a-4430-b5e6-652ab7f6b987" ],
        "Strict-Transport-Security": [ "max-age=31536000; includeSubDomains" ],
        "X-Content-Type-Options": [ "nosniff" ],
        "Date": [ "Wed, 02 Feb 2022 00:37:08 GMT" ]
      },
      "ContentHeaders": {
        "Content-Length": [ "730" ],
        "Content-Type": [ "application/json; charset=utf-8" ],
        "Expires": [ "-1" ]
      },
      "Content": "{\"properties\":{\"description\":\"Test share\",\"terms\":\"Test terms\",\"shareKind\":\"InPlace\",\"provisioningState\":\"Succeeded\",\"createdAt\":\"2022-02-02T00:37:01.2490985Z\",\"userName\":\"Harsh Srivastava\",\"userEmail\":\"hsrivastava@microsoft.com\"},\"id\":\"/subscriptions/0f3dcfc3-18f8-4099-b381-8353e19d43a7/resourceGroups/ads-pwsh-rgym0bos/providers/Microsoft.DataShare/accounts/ads-pwsh-accountym0bos/shares/ads-pwsh-share3e1foy\",\"name\":\"ads-pwsh-share3e1foy\",\"type\":\"Microsoft.DataShare/accounts/shares\",\"systemData\":{\"createdBy\":\"hsrivastava@microsoft.com\",\"createdByType\":\"User\",\"createdAt\":\"2022-02-02T00:37:01.1956906Z\",\"lastModifiedBy\":\"hsrivastava@microsoft.com\",\"lastModifiedByType\":\"User\",\"lastModifiedAt\":\"2022-02-02T00:37:01.1956906Z\"}}",
      "isContentBase64": false
    }
  },
  "Get-AzDataShare+[NoContext]+GetViaIdentity+$GET+https://management.azure.com/subscriptions/0f3dcfc3-18f8-4099-b381-8353e19d43a7/resourceGroups/ads-pwsh-rgym0bos/providers/Microsoft.DataShare/accounts/ads-pwsh-accountym0bos/shares/ads-pwsh-share3e1foy?api-version=2021-08-01+1": {
    "Request": {
      "Method": "GET",
      "RequestUri": "https://management.azure.com/subscriptions/0f3dcfc3-18f8-4099-b381-8353e19d43a7/resourceGroups/ads-pwsh-rgym0bos/providers/Microsoft.DataShare/accounts/ads-pwsh-accountym0bos/shares/ads-pwsh-share3e1foy?api-version=2021-08-01",
      "Content": null,
      "isContentBase64": false,
      "Headers": {
        "x-ms-unique-id": [ "14" ],
        "x-ms-client-request-id": [ "49695727-423a-4c65-a946-4500051bd66e" ],
        "CommandName": [ "Get-AzDataShare" ],
        "FullCommandName": [ "Get-AzDataShare_Get" ],
        "ParameterSetName": [ "__AllParameterSets" ],
        "User-Agent": [ "AzurePowershell/Az4.0.0-preview" ],
        "Authorization": [ "[Filtered]" ]
      },
      "ContentHeaders": {
      }
    },
    "Response": {
      "StatusCode": 200,
      "Headers": {
        "Cache-Control": [ "no-cache" ],
        "Pragma": [ "no-cache" ],
        "x-ms-ratelimit-remaining-subscription-reads": [ "11992" ],
        "Server": [ "Kestrel" ],
        "x-ms-request-id": [ "5752c800-06ce-4266-a037-2e9268d8664c" ],
        "x-ms-correlation-request-id": [ "5752c800-06ce-4266-a037-2e9268d8664c" ],
        "x-ms-routing-request-id": [ "WESTUS2:20220202T003709Z:5752c800-06ce-4266-a037-2e9268d8664c" ],
        "Strict-Transport-Security": [ "max-age=31536000; includeSubDomains" ],
        "X-Content-Type-Options": [ "nosniff" ],
        "Date": [ "Wed, 02 Feb 2022 00:37:08 GMT" ]
      },
      "ContentHeaders": {
        "Content-Length": [ "730" ],
        "Content-Type": [ "application/json; charset=utf-8" ],
        "Expires": [ "-1" ]
      },
      "Content": "{\"properties\":{\"description\":\"Test share\",\"terms\":\"Test terms\",\"shareKind\":\"InPlace\",\"provisioningState\":\"Succeeded\",\"createdAt\":\"2022-02-02T00:37:01.2490985Z\",\"userName\":\"Harsh Srivastava\",\"userEmail\":\"hsrivastava@microsoft.com\"},\"id\":\"/subscriptions/0f3dcfc3-18f8-4099-b381-8353e19d43a7/resourceGroups/ads-pwsh-rgym0bos/providers/Microsoft.DataShare/accounts/ads-pwsh-accountym0bos/shares/ads-pwsh-share3e1foy\",\"name\":\"ads-pwsh-share3e1foy\",\"type\":\"Microsoft.DataShare/accounts/shares\",\"systemData\":{\"createdBy\":\"hsrivastava@microsoft.com\",\"createdByType\":\"User\",\"createdAt\":\"2022-02-02T00:37:01.1956906Z\",\"lastModifiedBy\":\"hsrivastava@microsoft.com\",\"lastModifiedByType\":\"User\",\"lastModifiedAt\":\"2022-02-02T00:37:01.1956906Z\"}}",
      "isContentBase64": false
    }
  },
  "Get-AzDataShare+[NoContext]+GetViaIdentity+$GET+https://management.azure.com/subscriptions/0f3dcfc3-18f8-4099-b381-8353e19d43a7/resourceGroups/ads-pwsh-rgym0bos/providers/Microsoft.DataShare/accounts/ads-pwsh-accountym0bos/shares/ads-pwsh-share3e1foy?api-version=2021-08-01+2": {
    "Request": {
      "Method": "GET",
      "RequestUri": "https://management.azure.com/subscriptions/0f3dcfc3-18f8-4099-b381-8353e19d43a7/resourceGroups/ads-pwsh-rgym0bos/providers/Microsoft.DataShare/accounts/ads-pwsh-accountym0bos/shares/ads-pwsh-share3e1foy?api-version=2021-08-01",
      "Content": null,
      "isContentBase64": false,
      "Headers": {
        "x-ms-unique-id": [ "15" ],
        "x-ms-client-request-id": [ "de90b25b-b458-4791-82fb-cf21e0e9a8c0" ],
        "CommandName": [ "Get-AzDataShare" ],
        "FullCommandName": [ "Get-AzDataShare_GetViaIdentity" ],
        "ParameterSetName": [ "__AllParameterSets" ],
        "User-Agent": [ "AzurePowershell/Az4.0.0-preview" ],
        "Authorization": [ "[Filtered]" ]
      },
      "ContentHeaders": {
      }
    },
    "Response": {
      "StatusCode": 200,
      "Headers": {
        "Cache-Control": [ "no-cache" ],
        "Pragma": [ "no-cache" ],
        "x-ms-ratelimit-remaining-subscription-reads": [ "11991" ],
        "Server": [ "Kestrel" ],
        "x-ms-request-id": [ "807c187a-5c67-4cf8-a783-6d1a0ff19653" ],
        "x-ms-correlation-request-id": [ "807c187a-5c67-4cf8-a783-6d1a0ff19653" ],
        "x-ms-routing-request-id": [ "WESTUS2:20220202T003709Z:807c187a-5c67-4cf8-a783-6d1a0ff19653" ],
        "Strict-Transport-Security": [ "max-age=31536000; includeSubDomains" ],
        "X-Content-Type-Options": [ "nosniff" ],
        "Date": [ "Wed, 02 Feb 2022 00:37:08 GMT" ]
      },
      "ContentHeaders": {
        "Content-Length": [ "730" ],
        "Content-Type": [ "application/json; charset=utf-8" ],
        "Expires": [ "-1" ]
      },
      "Content": "{\"properties\":{\"description\":\"Test share\",\"terms\":\"Test terms\",\"shareKind\":\"InPlace\",\"provisioningState\":\"Succeeded\",\"createdAt\":\"2022-02-02T00:37:01.2490985Z\",\"userName\":\"Harsh Srivastava\",\"userEmail\":\"hsrivastava@microsoft.com\"},\"id\":\"/subscriptions/0f3dcfc3-18f8-4099-b381-8353e19d43a7/resourceGroups/ads-pwsh-rgym0bos/providers/Microsoft.DataShare/accounts/ads-pwsh-accountym0bos/shares/ads-pwsh-share3e1foy\",\"name\":\"ads-pwsh-share3e1foy\",\"type\":\"Microsoft.DataShare/accounts/shares\",\"systemData\":{\"createdBy\":\"hsrivastava@microsoft.com\",\"createdByType\":\"User\",\"createdAt\":\"2022-02-02T00:37:01.1956906Z\",\"lastModifiedBy\":\"hsrivastava@microsoft.com\",\"lastModifiedByType\":\"User\",\"lastModifiedAt\":\"2022-02-02T00:37:01.1956906Z\"}}",
      "isContentBase64": false
    }
  }
}